// Jest Snapshot v1, https://goo.gl/fbAQLP

exports[`Source map converters module2ToModule simple (only string values) 1`] = `
{
  "aliases": {
    "i": "index",
    "rc": "react-component",
  },
  "map": {
    "src/components": {
      "header": {
        "outputPath": "src/components",
        "template": "react-component",
        "variableNameValue": "header",
      },
    },
    "src/components/inputs": {
      "button": {
        "outputPath": "src/components/inputs",
        "template": "react-component",
        "variableNameValue": "button",
      },
      "index": {
        "outputPath": "src/components/inputs",
        "template": "index",
        "variableNameValue": "index",
      },
    },
  },
}
`;

exports[`Source map converters module2ToModule simple (string and array values) 1`] = `
{
  "aliases": {
    "i": "index",
    "rc": "react-component",
  },
  "map": {
    "src/components": {
      "header": {
        "outputPath": "src/components",
        "template": "react-component",
        "variableNameValue": "header",
      },
    },
    "src/components/inputs": {
      "button": {
        "outputPath": "src/components/inputs",
        "template": "react-component",
        "variableNameValue": "button",
      },
      "index": {
        "outputPath": "src/components/inputs",
        "template": "index",
        "variableNameValue": "index",
      },
    },
  },
}
`;

exports[`Source map converters module2ToModule simple (string and object values) 1`] = `
{
  "aliases": {
    "i": "index",
    "rc": "react-component",
  },
  "map": {
    "src/components": {
      "header": {
        "outputPath": "src/components",
        "template": "react-component",
        "variableNameValue": "header",
      },
    },
    "src/components/inputs": {
      "button": {
        "outputPath": "src/components/inputs",
        "template": "react-component",
        "variableNameValue": "button",
      },
      "index": {
        "outputPath": "src/components/inputs",
        "template": "index",
        "variableNameValue": "index",
      },
    },
  },
}
`;
