// Jest Snapshot v1, https://goo.gl/fbAQLP

exports[`test atomToModule simple with aliases 1`] = `
"{
  map: {
    undefined: {
      stadiums: 'createdFolders'
    },
    'src/components/pages': {
      stadiums: 'component'
    }
  },
  aliases: {
    c: 'component',
    p: 'page',
    s: 'createdFolders',
    ix: 'index'
  }
}"
`;

exports[`test atomToModule simple with atom defaultParams 1`] = `
"{
  map: {
    'src/pages': {
      stadiums: 'page'
    },
    'src/components/pages': {
      stadiums: 'component'
    },
    'src/createdFolders': {
      stadiums: 'createdFolders'
    }
  },
  aliases: {}
}"
`;
